2026-06-24 16:11:05,596 | INFO | build_sba_warehouse.py:65 | --- Unified SBA 7(a) Warehouse Engine Initiated ---
2026-06-24 16:11:05,596 | INFO | build_sba_warehouse.py:66 | Loading raw source files completely into RAM panel layers...
2026-06-24 16:11:05,596 | INFO | build_sba_warehouse.py:70 | Reading: foia-7a-fy1991-fy1999-asof-260331.csv
2026-06-24 16:11:08,298 | INFO | build_sba_warehouse.py:70 | Reading: foia-7a-fy2000-fy2009-asof-260331.csv
2026-06-24 16:11:14,466 | INFO | build_sba_warehouse.py:70 | Reading: foia-7a-fy2010-fy2019-asof-260331.csv
2026-06-24 16:11:19,613 | INFO | build_sba_warehouse.py:70 | Reading: foia-7a-fy2020-present-asof-260331.csv
2026-06-24 16:11:23,554 | INFO | build_sba_warehouse.py:78 | Total raw administrative records compiled: 1,947,098
2026-06-24 16:11:23,554 | INFO | build_sba_warehouse.py:83 | Executing baseline column characterizations and financial conversions...
2026-06-24 16:11:28,999 | INFO | build_sba_warehouse.py:127 | Resolving raw portfolio multi-disbursement transactions via administrative ranking...
2026-06-24 16:11:47,157 | INFO | build_sba_warehouse.py:155 | Deduplication complete. Retained 1,937,952 unique tracking transactions.
2026-06-24 16:11:47,158 | INFO | build_sba_warehouse.py:162 | Opening persistence stream to SQLite layout: /Users/bonwier/PythonProjects/data_warehouse/databases/sba_7a_analysis.db
2026-06-24 16:11:47,160 | INFO | build_sba_warehouse.py:168 | Writing complete 100% raw history archive to table 'sba_7a_loans'...
2026-06-24 16:12:14,121 | INFO | build_sba_warehouse.py:189 | Compiling neutral risk modeling core table 'model_cohort_2003_present' (Left-Censored at 2003)...
2026-06-24 16:12:21,722 | INFO | build_sba_warehouse.py:201 |   • Filtered unoriginated noise. Core active footprint size: 1,200,136 loans.
2026-06-24 16:12:25,570 | INFO | build_sba_warehouse.py:214 |   • Invoking GeographyDaemon for parallel spatial mapping...
2026-06-24 16:13:37,737 | INFO | build_sba_warehouse.py:245 |   • Invoking vectorized daemon engine to lock down 4-digit and 3-digit credit risk groups...
2026-06-24 16:13:40,332 | INFO | build_sba_warehouse.py:253 |   • Pre-calculating raw continuous timeline durations...
2026-06-24 16:13:47,606 | INFO | build_sba_warehouse.py:293 | Writing neutral analytical cohort table 'model_cohort_2003_present' to SQL storage...
2026-06-24 16:14:08,014 | INFO | build_sba_warehouse.py:301 | Compiling high-velocity structural relational indexing systems...
2026-06-24 16:14:15,419 | INFO | build_sba_warehouse.py:329 | --- 🚀 SUCCESS: UNIFIED WAREHOUSE ENGINE EXECUTION SYNC COMPLETE ---
